---
created: "2019-02-09T06:14:14.841025692+00:00"
creator: insta@0.5.3
expression: std_to_string(&mut main.stdout)
source: tests/echo.rs
---
without watch

